/inst_TopModule_datapath/JOINT_R6:782263313
/inst_TopModule_datapath/R4_NI_RD:4046592351
/inst_TopModule_datapath/MEDIAN_PROCESSING/MEDIAN_FILTER_5x5/MEDIAN_5x5_DATA_MODULATE:3205954513
/inst_TopModule_datapath/JOINT_R2:782263313
/inst_TopModule_controller:1260809501
/inst_TopModule_datapath/MEDIAN_PROCESSING/MEDIAN_FILTER_5x5/MEDIAN_5X5_CALC:3638556661
/inst_TopModule_datapath/MEDIAN_PROCESSING/MEDIAN_FILTER_7x7/MEDIAN_7x7_CALC/Median_filter_7x7_calc__GCB0:694394431
/inst_TopModule_datapath/MEDIAN_PROCESSING/MEDIAN_FILTER_7x7/MEDIAN_7x7_CALC/Median_filter_7x7_calc__GCB2:3345874707
/inst_TopModule_datapath/MEDIAN_PROCESSING/MEDIAN_FILTER_7x7/MEDIAN_7x7_DATA_MODULATE:1385975443
/inst_TopModule_datapath/MEDIAN_PROCESSING/MEDIAN_FILTER_7x7/MEDIAN_7x7_CALC/CALC75:3638556661
/inst_TopModule_datapath/MEDIAN_PROCESSING/MEDIAN_FILTER_7x7/MEDIAN_7x7_CALC/Median_filter_7x7_calc__GCB1:1583656617
/inst_TopModule_datapath/MEDIAN_PROCESSING/MEDIAN_FILTER_7x7/MEDIAN_7x7_CALC/Median_filter_7x7_calc__GCB3:2959789957
/inst_TopModule_datapath/TopModule_datapath__GCB0:3696385055
/inst_TopModule_datapath/JOINT_R4:782263313
/inst_TopModule_datapath/MEDIAN_PROCESSING/Median_processing__GC0:4160907796
