TopModule: Joint_histogram, Median_filter_5x5_calc, Median_filter_7x7_calc__GCB1, TopModule_datapath__GCB0, Median_filter_7x7_calc__GCB0, Median_processing__GC0, R4_NIRD, TopModule_controller, Median_filter_7x7_calc__GCB2, Data_modulate_5x5, Data_modulate_7x7, Median_filter_7x7_calc__GCB3, 
TopModule_datapath: Joint_histogram, Median_filter_5x5_calc, Median_filter_7x7_calc__GCB1, TopModule_datapath__GCB0, Median_filter_7x7_calc__GCB0, Median_processing__GC0, Median_filter_7x7_calc__GCB2, R4_NIRD, Data_modulate_5x5, Data_modulate_7x7, Median_filter_7x7_calc__GCB3, 
Median_processing: Median_processing__GC0, Median_filter_7x7_calc__GCB3, Median_filter_7x7_calc__GCB2, Median_filter_7x7_calc__GCB1, Median_filter_7x7_calc__GCB0, Data_modulate_7x7, Median_filter_5x5_calc, Data_modulate_5x5, 
Median_filter_7x7: Median_filter_7x7_calc__GCB3, Median_filter_7x7_calc__GCB2, Median_filter_7x7_calc__GCB1, Median_filter_7x7_calc__GCB0, Median_filter_5x5_calc, Data_modulate_7x7, 
Median_filter_7x7_calc: Median_filter_7x7_calc__GCB3, Median_filter_7x7_calc__GCB2, Median_filter_7x7_calc__GCB1, Median_filter_7x7_calc__GCB0, Median_filter_5x5_calc, 
Median_filter_5x5: Median_filter_5x5_calc, Data_modulate_5x5, 
